
> test
> node --test tests/*.test.js

✔ browser bundle freezes all data and timestamp before PNG decoding across B (25.121679ms)
✔ browser bundle freezes all data and timestamp before PNG decoding across Home (2.205127ms)
✔ browser bundle freezes all data and timestamp before PNG decoding across mutation (2.101881ms)
✔ browser optional PNG decode failure still exports the frozen CSV/JSON/GPX record (1.9357ms)
✔ native bundle freezes all data and timestamp before PNG decoding across B (2.59215ms)
✔ native bundle freezes all data and timestamp before PNG decoding across Home (1.705513ms)
✔ native bundle freezes all data and timestamp before PNG decoding across mutation (1.645032ms)
✔ native optional PNG decode failure still exports the frozen CSV/JSON/GPX record (1.377047ms)
✔ failed acknowledged journal persistence blocks bundle and leaves tail/cursor retryable (8.826115ms)
✔ all repeated handlers are gated during encoding and through native bundle settlement (6.001975ms)
✔ late native {"ok":true} cannot unlock a bundle encoder (1.552582ms)
✔ native {"ok":true} settlement never automatically replays and permits explicit retry (1.945936ms)
✔ late native {"ok":false} cannot unlock a bundle encoder (1.075602ms)
✔ native {"ok":false} settlement never automatically replays and permits explicit retry (1.425851ms)
✔ late native {"uncertain":true} cannot unlock a bundle encoder (9.704861ms)
✔ native {"uncertain":true} settlement never automatically replays and permits explicit retry (2.218046ms)
✔ synchronous native bridge failure clears both gates for an explicit retry (6.003147ms)
✔ restored native pending state blocks all handlers without encoding or re-enqueue (0.69564ms)
✔ Hong Kong clock (1.844943ms)
✔ running and upcoming services (0.684512ms)
✔ overnight and holidays (0.304039ms)
✔ operator variants (0.699135ms)
✔ backward counts survive reload (0.769701ms)
✔ GPS keeps repeated stops (0.354855ms)
✔ CSV preserves zeros and prevents formulas (20.563163ms)
✔ legacy schedules also retain the ten-minute grace period at the exact boundary (0.304649ms)
✔ legacy schedules use the same fixed early allowance (0.382727ms)
✔ weekly cutoff is Sunday midnight Hong Kong time, independent of device timezone (1.167392ms)
✔ only successful updates before the cutoff are stale, including invalid timestamps (0.263688ms)
✔ restored in-flight export holds controls until success reaches the page (2.656778ms)
✔ restored in-flight export holds controls until failure reaches the page (0.938226ms)
✔ late native completion cannot unlock an unfinished PNG encoder (1.02703ms)
✔ uncertain saved-file outcome asks for a folder check before another export (0.984405ms)
✔ trip bundle separates tabular, structured, geographic and chart data (22.578883ms)
✔ tabular export retains government source attribution and reuse terms (1.06089ms)
✔ optional chart metadata is finalized without reopening the frozen survey (1.323717ms)
✔ Hong Kong timestamps include full date, time and fixed +08:00 offset (1.519773ms)
✔ GPX export keeps timestamped fixes and marks estimated fixes (0.611792ms)
✔ vehicle profiles pattern-match fleet or registration numbers (1.736479ms)
✔ trip metrics count people served and apply stop-specific sectional fares (0.405312ms)
✔ trip metrics expose unpriced boardings instead of inventing fares (0.220212ms)
✔ momentum fallback only projects a stale moving GPS fix and labels it estimated (0.338681ms)
✔ school holidays stay unknown without a configured school calendar (0.228124ms)
✔ non-holiday festival context can be derived separately from public holidays (0.30438ms)
✔ weather evidence tolerates partial official API failure (6.13131ms)
✔ ETA evidence prefetches the current and downstream stops without claiming bus identity (11.019625ms)
✔ GPX omits unknown optional numeric measurements instead of turning null into zero (0.262225ms)
✔ government conversion retains distinct sequences, joint operators, repeated stops and bilingual names (4.006143ms)
✔ government service calendars honour exceptions, date validity and overnight trips (1.420163ms)
✔ exact frequency end is exclusive and long headway gaps are not reported running (0.887799ms)
✔ CSV quoting and nonnumeric count rejection (1.024185ms)
✔ incomplete government feed fails rather than supplying wrong stops (1.606454ms)
✔ 12:00 departure with 120-minute journey remains active through 14:10 inclusive (0.698504ms)
✔ exact frequency windows use the actual last departure then journey and delay allowance (0.791474ms)
✔ previous-day trips retain their delay allowance after the service calendar ends (0.352442ms)
✔ missing journey time remains unknown instead of inventing a completion cutoff (0.606906ms)
✔ bundled N8 is suggested at 05:32 HK through the frequency window plus journey and delay (128.172674ms)
✔ converter retains exact_times and defaults omitted/zero values to frequency service (1.15379ms)
✔ frequency windows extend through overnight journeys and respect the originating service calendar (0.289577ms)
✔ frequency service does not invent inactive gaps or silently drop unknown journey times (0.449098ms)
✔ every schedule type has a fixed inclusive ten-minute allowance before departure (0.659164ms)
✔ momentum rejects absent, coerced and nonfinite heading (1.281974ms)
✔ momentum rejects absent, coerced and nonfinite speed (0.326082ms)
✔ momentum rejects absent, coerced and nonfinite timestamp (0.185981ms)
✔ momentum requires a finite numeric projection time (0.200592ms)
✔ momentum preserves true north and zero speed without inventing movement (0.279872ms)
✔ momentum keeps the inclusive 12–120 second window and never chains estimates (0.256958ms)
✔ momentum retains the speed cap without modifying measured evidence (0.168764ms)
✔ GPS outage with missing heading retains the measured fix without appending a northward estimate (8.865334ms)
✔ GPS outage with heading zero appends a labelled estimate and permission denial never projects (6.738345ms)
✔ repeated View/export imports and cold restart keep A,B exactly once (4.060325ms)
✔ same-time fixes and exact repeat records have distinct journal identity (0.438532ms)
✔ overlapping foreground points are claimed once, distinct evidence preserved in time order (0.930124ms)
✔ same clock time and location with distinct speed/heading/source is retained (0.220563ms)
✔ independent survey cursors cannot consume another journal (0.276608ms)
✔ 20,000-point truncation does not cause replay or block newer journal rows (288.955808ms)
✔ a reset/truncated journal may replay retained IDs without duplicating them (0.514065ms)
✔ failed persistence rolls back both track and cursor before retry (0.922191ms)
✔ older APK full snapshots are idempotent and keep duplicate occurrence counts (0.3317ms)
✔ invalid input does not consume cursor (0.215595ms)
✔ cursor replay preserves journal occurrence order across equal-time cap boundary (1455.389275ms)
✔ paused records reconcile native tails without restarting recording (0.535447ms)
✔ aborted records reconcile native tails without restarting recording (0.246462ms)
✔ completed records reconcile native tails without restarting recording (0.126742ms)
✔ failed final drain keeps its cursor retryable and reports failure (0.185379ms)
✔ browser PNG keeps chart A identity after navigating to record B during decode (4.905601ms)
✔ browser PNG keeps chart A identity after navigating to Home during decode (1.2789ms)
✔ browser PNG freezes filename values before decode, not a mutable survey reference (1.348515ms)
✔ native PNG keeps chart A identity after navigating to record B during decode (1.229966ms)
✔ native PNG keeps chart A identity after navigating to Home during decode (2.753794ms)
✔ native PNG freezes filename values before decode, not a mutable survey reference (0.91486ms)
✔ decode failure after navigation reports failure, re-enables export and allows retry (3.092976ms)
✔ missing chart reports failure and leaves the export button usable (2.250905ms)
✔ actual paused handler drains acknowledged background tail before Home (4.806821ms)
✔ actual aborted handler drains acknowledged background tail before Home (1.171818ms)
✔ actual completed handler drains acknowledged background tail before Home (2.113538ms)
✔ actual completion waits for stop acknowledgement and retry does not restart (1.050625ms)
✔ failed final storage commit keeps the journal/cursor retryable and blocks export (1.29253ms)
✔ cold/foreground recovery imports completed survey A without starting or altering B (1.184627ms)
✔ only explicit reopen restarts a completed survey and preserves the drained track (0.986859ms)
✔ older APK remains compatible and drains after best-effort stop (1.014811ms)
✔ Android surveys and profile survive loss of all browser storage (4.495802ms)
✔ website still persists without the Android bridge (0.337759ms)
✔ starting at the origin assumes zero without requiring onboard input (1.901118ms)
✔ no-change stops, including the last, are observations with explicit zeros (1.210856ms)
✔ NA fields can be skipped independently and differ from unobserved stops (0.195004ms)
✔ mid-route counts stay unknown until a known observation or endpoint exists (0.215706ms)
✔ completion at last stop deduces previous onboard counts backwards from zero (0.248454ms)
✔ a known final count at an early ending stop anchors that stop (0.210998ms)
✔ ending early or disabling terminus assumption cannot invent a final zero (0.189556ms)
✔ conflicting empty-origin/empty-terminus assumptions are reported without hiding passengers (0.176737ms)
✔ explicit observations override assumptions and expose inconsistencies (0.227573ms)
✔ incompatible manual anchors leave ambiguous intervening values unknown (1.247292ms)
✔ negative calculated passengers are flagged, not clamped to zero (0.365882ms)
✔ backward filling through unobserved changes is retained and labelled estimated (0.222836ms)
✔ legacy survey migration retains entered values and adds lifecycle defaults (0.135694ms)
✔ inserting a missing stop preserves row identity, selected stop and boundaries (0.237148ms)
✔ joining overlapping sections keeps later repeated stops and existing counts (0.287383ms)
✔ a new lap can retain every stop and append clears the obsolete final boundary (0.321375ms)
✔ CSV preserves tabular survey fields without embedding structured route corrections (14.102726ms)
✔ default Cantonese and English have matching UI keys and interpolation (0.365702ms)
✔ reopening a completed journey preserves rows and releases its completed boundary (0.242696ms)
✔ reopening an accidental terminus completion removes assumed zero without altering observations (0.445092ms)
✔ reopening cannot discard incompatible entered final counts (0.913378ms)
✔ database upload uses only the reference webapp field contract (23.936981ms)
✔ database survey start stays at the configured mid-route start even when earlier onboard values are derived (1.321253ms)
ℹ tests 126
ℹ suites 0
ℹ pass 126
ℹ fail 0
ℹ cancelled 0
ℹ skipped 0
ℹ todo 0
ℹ duration_ms 1994.723214
